// Jest Snapshot v1, https://goo.gl/fbAQLP

exports[`With Snapshot Testing App shows "About Next.js" 1`] = `
<div
  style={
    Object {
      "border": "1px solid #DDD",
      "margin": 20,
      "padding": 20,
    }
  }
>
  <div>
    <a
      href="/"
      onClick={[Function]}
      style={
        Object {
          "marginRight": 15,
        }
      }
    >
      Home
    </a>
    <a
      href="/about"
      onClick={[Function]}
      style={
        Object {
          "marginRight": 15,
        }
      }
    >
      About
    </a>
  </div>
  <p>
    About Next.js
  </p>
</div>
`;
